<html>
<body>
<pre>
<h1>µVision Build Log</h1>
<h2>Tool Versions:</h2>
IDE-Version: ¦ÌVision V5.14.0.0
Copyright (C) 2015 ARM Ltd and ARM Germany GmbH. All rights reserved.
License Information: 1 1, 1, LIC=V85DY-IPBBJ-KT73H-W3NCF-HYESI-JXV59
 
Tool Versions:
Toolchain:       MDK-ARM Professional  Version: 5.14.0.0
Toolchain Path:  E:\Keil_v5\ARM\ARMCC\Bin
C Compiler:      Armcc.exe V5.05 update 1 (build 106)
Assembler:       Armasm.exe V5.05 update 1 (build 106)
Linker/Locator:  ArmLink.exe V5.05 update 1 (build 106)
Library Manager: ArmAr.exe V5.05 update 1 (build 106)
Hex Converter:   FromElf.exe V5.05 update 1 (build 106)
CPU DLL:         SARMCM3.DLL V5.14.0.0
Dialog DLL:      DCM.DLL V1.13.1.0
Target DLL:      STLink\ST-LINKIII-KEIL_SWO.dll V2.0.14.0_KEIL
Dialog DLL:      TCM.DLL V1.14.4.0
 
<h2>Project:</h2>
D:\xxm\project4-ZNCC\code\wifi-1.2\USER\wifi-1.2.uvprojx
Project File Date:  11/15/2018

<h2>Output:</h2>
Build target 'MyUSART(Library)'
compiling main.c...
main.c(31): warning:  #177-D: variable "temp" was declared but never referenced
      u8 temp,i;
main.c(31): warning:  #177-D: variable "i" was declared but never referenced
      u8 temp,i;
main.c(32): warning:  #177-D: variable "data_rev" was declared but never referenced
        u8 data_rev[256];
main.c(34): warning:  #550-D: variable "sendData" was set but never used
      u8 sendData[]={0x80,0x01,0x50,0x51,0x81};
main.c(35): warning:  #177-D: variable "len" was declared but never referenced
      u8 len= sizeof(sendData)/sizeof(sendData[0]);
main.c: 5 warnings, 0 errors
compiling usart2.c...
compiling timer.c...
compiling lora_app.c...
linking...
Program Size: Code=12248 RO-data=1412 RW-data=180 ZI-data=5276  
FromELF: creating hex file...
"..\OBJ\MyUSART(Library).axf" - 0 Error(s), 5 Warning(s).

<h2>Collection of Component include folders:</h2>
  D:\xxm\project4-ZNCC\code\wifi-1.2\USER\RTE
  E:\Keil_v5\ARM\PACK\Keil\STM32F1xx_DFP\2.2.0

<h2>Collection of Component Files used:</h2>
</pre>
</body>
</html>
